// Jest Snapshot v1, https://goo.gl/fbAQLP

exports[`renders correctly without data 1`] = `
<View
  style={
    Object {
      "alignItems": "center",
      "justifyContent": "space-between",
      "marginBottom": 35,
    }
  }
>
  <View
    style={undefined}
  >
    <View>
      <Text
        accessible={true}
        allowFontScaling={true}
        ellipsizeMode="tail"
        onPress={[Function]}
        style={
          Object {
            "alignSelf": "stretch",
            "color": "grey",
            "fontSize": 16,
            "height": 20,
            "justifyContent": "center",
            "marginTop": 10,
          }
        }
      >
        Switch to Search
      </Text>
    </View>
  </View>
  <View
    style={
      Object {
        "justifyContent": "center",
      }
    }
  >
    <Text
      accessible={true}
      allowFontScaling={true}
      ellipsizeMode="tail"
      style={
        Object {
          "alignSelf": "stretch",
          "color": "grey",
          "fontSize": 22,
          "height": 30,
          "justifyContent": "center",
          "marginTop": 10,
        }
      }
    >
      Recommended for You
    </Text>
  </View>
  <ScrollView
    style={
      Object {
        "marginBottom": 210,
        "width": "100%",
      }
    }
  />
</View>
`;
